// Jest Snapshot v1, https://goo.gl/fbAQLP

exports[`integration > logging > config > property value collisions should not show warnings if given higher log level 1`] = `
"
Property Value Collisions:
Collision detected at: size.padding.small! Original value: 0.5, New value: 0.5
Collision detected at: size.padding.small! Original value: __integration__/tokens/size/padding.json, New value: __integration__/tokens/size/padding.json
Collision detected at: size.padding.small! Original value: true, New value: true
Collision detected at: size.padding.medium! Original value: 1, New value: 1
Collision detected at: size.padding.medium! Original value: __integration__/tokens/size/padding.json, New value: __integration__/tokens/size/padding.json
Collision detected at: size.padding.medium! Original value: true, New value: true
Collision detected at: size.padding.large! Original value: 1, New value: 1
Collision detected at: size.padding.large! Original value: __integration__/tokens/size/padding.json, New value: __integration__/tokens/size/padding.json
Collision detected at: size.padding.large! Original value: true, New value: true
Collision detected at: size.padding.xl! Original value: 1, New value: 1
Collision detected at: size.padding.xl! Original value: __integration__/tokens/size/padding.json, New value: __integration__/tokens/size/padding.json
Collision detected at: size.padding.xl! Original value: true, New value: true

"
`;

exports[`integration > logging > config > property value collisions should not throw, but notify users by default 1`] = `
"
Property Value Collisions:
Collision detected at: size.padding.small! Original value: 0.5, New value: 0.5
Collision detected at: size.padding.small! Original value: __integration__/tokens/size/padding.json, New value: __integration__/tokens/size/padding.json
Collision detected at: size.padding.small! Original value: true, New value: true
Collision detected at: size.padding.medium! Original value: 1, New value: 1
Collision detected at: size.padding.medium! Original value: __integration__/tokens/size/padding.json, New value: __integration__/tokens/size/padding.json
Collision detected at: size.padding.medium! Original value: true, New value: true
Collision detected at: size.padding.large! Original value: 1, New value: 1
Collision detected at: size.padding.large! Original value: __integration__/tokens/size/padding.json, New value: __integration__/tokens/size/padding.json
Collision detected at: size.padding.large! Original value: true, New value: true
Collision detected at: size.padding.xl! Original value: 1, New value: 1
Collision detected at: size.padding.xl! Original value: __integration__/tokens/size/padding.json, New value: __integration__/tokens/size/padding.json
Collision detected at: size.padding.xl! Original value: true, New value: true

"
`;
